111

xiugia 111
xiugai 222
